WorkerThreadPool: 4 threads, 3 max low-priority.
Godot Engine v4.7.1.stable.official.a13da4feb - https://godotengine.org
TextServer: Added interface "Dummy"
TextServer: Added interface "ICU / HarfBuzz / Graphite (Built-in)"
SDL: Init OK!
Using "default" pen tablet driver...

TextServer: Primary interface set to: "ICU / HarfBuzz / Graphite (Built-in)".
CORE API HASH: 3769296884
EDITOR API HASH: 3146738256
SceneTreeFTI: traversal method DEFAULT
EditorTheme: Generating new theme for the config '3810048042'.
EditorTheme: Generating new icons.
EditorTheme: Generating new fonts.
EditorTheme: Generating new styles.
Generating 2,048 bit RSA key pair and self-signed certificate (SHA256withRSA) with a validity of 10,000 days
	for: CN=Godot, OU=Godot Engine, O=Stichting Godot, C=NL

Updated editor debug keystore to /home/runner/.local/share/godot/keystores/debug.keystore
Regenerating editor help cache
Class 'AbstractPolygon2DEditor' is not exposed, skipping.
Class 'AbstractPolygon2DEditorPlugin' is not exposed, skipping.
Class 'ActionMapEditor' is not exposed, skipping.
Class 'AnchorPresetPicker' is not exposed, skipping.
Class 'AnimationBezierTrackEdit' is not exposed, skipping.
Class 'AnimationLibraryEditor' is not exposed, skipping.
Class 'AnimationMarkerEdit' is not exposed, skipping.
Class 'AnimationMarkerKeyEditEditorPlugin' is not exposed, skipping.
Class 'AnimationNodeBlendSpace1DEditor' is not exposed, skipping.
Class 'AnimationNodeBlendSpace2DEditor' is not exposed, skipping.
Class 'AnimationNodeBlendTreeEditor' is not exposed, skipping.
Class 'AnimationNodeStateMachineEditor' is not exposed, skipping.
Class 'AnimationPlayerEditor' is not exposed, skipping.
Class 'AnimationPlayerEditorPlugin' is not exposed, skipping.
Class 'AnimationTimelineEdit' is not exposed, skipping.
Class 'AnimationTrackEditDefaultPlugin' is not exposed, skipping.
Class 'AnimationTrackEditPlugin' is not exposed, skipping.
Class 'AnimationTrackEditor' is not exposed, skipping.
Class 'AnimationTrackKeyEditEditorPlugin' is not exposed, skipping.
Class 'AnimationTreeEditor' is not exposed, skipping.
Class 'AnimationTreeEditorPlugin' is not exposed, skipping.
Class 'AnimationTreeNodeEditorPlugin' is not exposed, skipping.
Class 'AssetLibraryEditorPlugin' is not exposed, skipping.
Class 'AtlasMergingDialog' is not exposed, skipping.
Class 'AudioBusesEditorPlugin' is not exposed, skipping.
Class 'AudioStreamEditorPlugin' is not exposed, skipping.
Class 'AudioStreamImportSettingsDialog' is not exposed, skipping.
Class 'AudioStreamInteractiveEditorPlugin' is not exposed, skipping.
Class 'AudioStreamInteractiveTransitionEditor' is not exposed, skipping.
Class 'AudioStreamPlayerInternal' is not exposed, skipping.
Class 'AudioStreamPreviewGenerator' is not exposed, skipping.
Class 'AudioStreamRandomizerEditorPlugin' is not exposed, skipping.
Class 'BackgroundProgress' is not exposed, skipping.
Class 'BitMapEditorPlugin' is not exposed, skipping.
Class 'BlitMaterialConversionPlugin' is not exposed, skipping.
Class 'BoneMapEditorPlugin' is not exposed, skipping.
Class 'BottomSideDockTabContainer' is not exposed, skipping.
Class 'CPUParticles2DEditorPlugin' is not exposed, skipping.
Class 'CPUParticles3DEditorPlugin' is not exposed, skipping.
Class 'CSGShape3DGizmoPlugin' is not exposed, skipping.
Class 'CSGShapeEditor' is not exposed, skipping.
Class 'Camera2DEditor' is not exposed, skipping.
Class 'Camera2DEditorPlugin' is not exposed, skipping.
Class 'Camera3DEditorPlugin' is not exposed, skipping.
Class 'CanvasItemEditor' is not exposed, skipping.
Class 'CanvasItemEditorPlugin' is not exposed, skipping.
Class 'CanvasItemEditorViewport' is not exposed, skipping.
Class 'CanvasItemMaterialConversionPlugin' is not exposed, skipping.
Class 'Cast2DEditor' is not exposed, skipping.
Class 'Cast2DEditorPlugin' is not exposed, skipping.
Class 'CollisionPolygon2DEditor' is not exposed, skipping.
Class 'CollisionPolygon2DEditorPlugin' is not exposed, skipping.
Class 'CollisionShape2DEditor' is not exposed, skipping.
Class 'CollisionShape2DEditorPlugin' is not exposed, skipping.
Class 'ColorPickerShape' is not exposed, skipping.
Class 'ColorPickerShapeCircle' is not exposed, skipping.
Class 'ColorPickerShapeOKHLRectangle' is not exposed, skipping.
Class 'ColorPickerShapeOKHSLCircle' is not exposed, skipping.
Class 'ColorPickerShapeOKHSRectangle' is not exposed, skipping.
Class 'ColorPickerShapeVHSCircle' is not exposed, skipping.
Class 'ColorPickerShapeWheel' is not exposed, skipping.
Class 'ConnectDialog' is not exposed, skipping.
Class 'ConnectDialogBinds' is not exposed, skipping.
Class 'ConnectionsDock' is not exposed, skipping.
Class 'ControlEditorPlugin' is not exposed, skipping.
Class 'ControlEditorPopupButton' is not exposed, skipping.
Class 'ControlEditorPresetPicker' is not exposed, skipping.
Class 'ControlEditorToolbar' is not exposed, skipping.
Class 'ControlOffsetTransformPreview' is not exposed, skipping.
Class 'CreateDialog' is not exposed, skipping.
Class 'CurveEditorPlugin' is not exposed, skipping.
Class 'CurvePreviewGenerator' is not exposed, skipping.
Class 'DebugAdapterParser' is not exposed, skipping.
Class 'DebugAdapterServer' is not exposed, skipping.
Class 'DebuggerEditorPlugin' is not exposed, skipping.
Class 'DefaultThemeEditorPreview' is not exposed, skipping.
Class 'DependencyEditor' is not exposed, skipping.
Class 'DependencyEditorOwners' is not exposed, skipping.
Class 'DependencyErrorDialog' is not exposed, skipping.
Class 'DependencyRemoveDialog' is not exposed, skipping.
Class 'DirectoryCreateDialog' is not exposed, skipping.
Class 'DockContextPopup' is not exposed, skipping.
Class 'DockShortcutHandler' is not exposed, skipping.
Class 'DockSlotGrid' is not exposed, skipping.
Class 'DockSplitContainer' is not exposed, skipping.
Class 'DockTabContainer' is not exposed, skipping.
Class 'DynamicFontImportSettingsData' is not exposed, skipping.
Class 'DynamicFontImportSettingsDialog' is not exposed, skipping.
Class 'EditorAbout' is not exposed, skipping.
Class 'EditorAssetLibrary' is not exposed, skipping.
Class 'EditorAudioBuses' is not exposed, skipping.
Class 'EditorAudioStreamPreviewPlugin' is not exposed, skipping.
Class 'EditorAudioStreamTooltipPlugin' is not exposed, skipping.
Class 'EditorAutoloadSettings' is not exposed, skipping.
Class 'EditorBitmapPreviewPlugin' is not exposed, skipping.
Class 'EditorBottomPanel' is not exposed, skipping.
Class 'EditorBuildProfileManager' is not exposed, skipping.
Class 'EditorConfigFileSyntaxHighlighter' is not exposed, skipping.
Class 'EditorContextMenuPluginManager' is not exposed, skipping.
Class 'EditorDebuggerInspector' is not exposed, skipping.
Class 'EditorDebuggerNode' is not exposed, skipping.
Class 'EditorDebuggerRemoteObjects' is not exposed, skipping.
Class 'EditorDebuggerTree' is not exposed, skipping.
Class 'EditorDirDialog' is not exposed, skipping.
Class 'EditorDockDragHint' is not exposed, skipping.
Class 'EditorDockManager' is not exposed, skipping.
Class 'EditorEventSearchBar' is not exposed, skipping.
Class 'EditorExport' is not exposed, skipping.
Class 'EditorExportGDScript' is not exposed, skipping.
Class 'EditorExpressionEvaluator' is not exposed, skipping.
Class 'EditorFeatureProfileManager' is not exposed, skipping.
Class 'EditorFileServer' is not exposed, skipping.
Class 'EditorFileSystemImportFormatSupportQueryBlend' is not exposed, skipping.
Class 'EditorFontPreviewPlugin' is not exposed, skipping.
Class 'EditorGradientPreviewPlugin' is not exposed, skipping.
Class 'EditorHelpBit' is not exposed, skipping.
Class 'EditorHelpSearch' is not exposed, skipping.
Class 'EditorImagePreviewPlugin' is not exposed, skipping.
Class 'EditorImportBlendRunner' is not exposed, skipping.
Class 'EditorInspectorCategory' is not exposed, skipping.
Class 'EditorInspectorDefaultPlugin' is not exposed, skipping.
Class 'EditorInspectorParticleProcessMaterialPlugin' is not exposed, skipping.
Class 'EditorInspectorPlugin3DTexture' is not exposed, skipping.
Class 'EditorInspectorPluginAnimationMarkerKeyEdit' is not exposed, skipping.
Class 'EditorInspectorPluginAnimationNodeAnimation' is not exposed, skipping.
Class 'EditorInspectorPluginAnimationTrackKeyEdit' is not exposed, skipping.
Class 'EditorInspectorPluginAudioStream' is not exposed, skipping.
Class 'EditorInspectorPluginAudioStreamInteractive' is not exposed, skipping.
Class 'EditorInspectorPluginBitMap' is not exposed, skipping.
Class 'EditorInspectorPluginBoneMap' is not exposed, skipping.
Class 'EditorInspectorPluginCamera3DPreview' is not exposed, skipping.
Class 'EditorInspectorPluginControl' is not exposed, skipping.
Class 'EditorInspectorPluginCurve' is not exposed, skipping.
Class 'EditorInspectorPluginFontPreview' is not exposed, skipping.
Class 'EditorInspectorPluginFontVariation' is not exposed, skipping.
Class 'EditorInspectorPluginGradient' is not exposed, skipping.
Class 'EditorInspectorPluginGradientTexture2D' is not exposed, skipping.
Class 'EditorInspectorPluginInputEvent' is not exposed, skipping.
Class 'EditorInspectorPluginLayeredTexture' is not exposed, skipping.
Class 'EditorInspectorPluginMaterial' is not exposed, skipping.
Class 'EditorInspectorPluginMesh' is not exposed, skipping.
Class 'EditorInspectorPluginPackedScene' is not exposed, skipping.
Class 'EditorInspectorPluginSkeleton' is not exposed, skipping.
Class 'EditorInspectorPluginStyleBox' is not exposed, skipping.
Class 'EditorInspectorPluginSubViewportPreview' is not exposed, skipping.
Class 'EditorInspectorPluginSystemFont' is not exposed, skipping.
Class 'EditorInspectorPluginTexture' is not exposed, skipping.
Class 'EditorInspectorPluginTextureRegion' is not exposed, skipping.
Class 'EditorInspectorPluginTileData' is not exposed, skipping.
Class 'EditorInspectorRootMotionPlugin' is not exposed, skipping.
Class 'EditorInspectorToolButtonPlugin' is not exposed, skipping.
Class 'EditorInspectorVisualShaderModePlugin' is not exposed, skipping.
Class 'EditorJSONSyntaxHighlighter' is not exposed, skipping.
Class 'EditorLayoutsDialog' is not exposed, skipping.
Class 'EditorLocaleDialog' is not exposed, skipping.
Class 'EditorLog' is not exposed, skipping.
Class 'EditorMainScreen' is not exposed, skipping.
Class 'EditorMarkdownSyntaxHighlighter' is not exposed, skipping.
Class 'EditorMaterialPreviewPlugin' is not exposed, skipping.
Class 'EditorMeshPreviewPlugin' is not exposed, skipping.
Class 'EditorNativeShaderSourceVisualizer' is not exposed, skipping.
Class 'EditorNode' is not exposed, skipping.
Class 'EditorOBJImporter' is not exposed, skipping.
Class 'EditorObjectSelector' is not exposed, skipping.
Class 'EditorPackedScenePreviewPlugin' is not exposed, skipping.
Class 'EditorPerformanceProfiler' is not exposed, skipping.
Class 'EditorPluginCSG' is not exposed, skipping.
Class 'EditorPluginSettings' is not exposed, skipping.
Class 'EditorProfiler' is not exposed, skipping.
Class 'EditorPropertyInteger' is not exposed, skipping.
Class 'EditorPropertyNameProcessor' is not exposed, skipping.
Class 'EditorPropertyPath' is not exposed, skipping.
Class 'EditorPropertyVector2i' is not exposed, skipping.
Class 'EditorPropertyVectorN' is not exposed, skipping.
Class 'EditorQuickOpenDialog' is not exposed, skipping.
Class 'EditorRunBar' is not exposed, skipping.
Class 'EditorRunNative' is not exposed, skipping.
Class 'EditorSceneExporterGLTFSettings' is not exposed, skipping.
Class 'EditorSceneFormatImporterCollada' is not exposed, skipping.
Class 'EditorSceneFormatImporterESCN' is not exposed, skipping.
Class 'EditorSceneTabs' is not exposed, skipping.
Class 'EditorScriptPlugin' is not exposed, skipping.
Class 'EditorScriptPreviewPlugin' is not exposed, skipping.
Class 'EditorSettingsDialog' is not exposed, skipping.
Class 'EditorSettingsInspectorPlugin' is not exposed, skipping.
Class 'EditorShaderLanguagePlugin' is not exposed, skipping.
Class 'EditorTexturePreviewPlugin' is not exposed, skipping.
Class 'EditorTextureTooltipPlugin' is not exposed, skipping.
Class 'EditorTheme' is not exposed, skipping.
Class 'EditorTitleBar' is not exposed, skipping.
Class 'EditorTranslationPreviewButton' is not exposed, skipping.
Class 'EditorTranslationPreviewMenu' is not exposed, skipping.
Class 'EditorValidationPanel' is not exposed, skipping.
Class 'EditorVariantTypeOptionButton' is not exposed, skipping.
Class 'EditorVersionButton' is not exposed, skipping.
Class 'EditorVisualProfiler' is not exposed, skipping.
Class 'EditorZoomWidget' is not exposed, skipping.
Class 'EmbeddedProcess' is not exposed, skipping.
Class 'EmbeddedProcessBase' is not exposed, skipping.
Class 'EventListenerLineEdit' is not exposed, skipping.
Class 'ExportTemplateManager' is not exposed, skipping.
Class 'FBXImporterManager' is not exposed, skipping.
Class 'FileSystemList' is not exposed, skipping.
Class 'FilterLineEdit' is not exposed, skipping.
Class 'FindInFiles' is not exposed, skipping.
Class 'FindInFilesContainer' is not exposed, skipping.
Class 'FindInFilesDialog' is not exposed, skipping.
Class 'FindReplaceBar' is not exposed, skipping.
Class 'FogMaterialConversionPlugin' is not exposed, skipping.
Class 'FontEditorPlugin' is not exposed, skipping.
Class 'GDScriptEditorTranslationParserPlugin' is not exposed, skipping.
Class 'GDScriptFunctionState' is not exposed, skipping.
Class 'GDScriptLanguageServer' is not exposed, skipping.
Class 'GDScriptNativeClass' is not exposed, skipping.
Class 'GLTFDocumentExtensionPhysics' is not exposed, skipping.
Class 'GLTFDocumentExtensionTextureKTX' is not exposed, skipping.
Class 'GLTFDocumentExtensionTextureWebP' is not exposed, skipping.
Class 'GPUParticles2DEditorPlugin' is not exposed, skipping.
Class 'GPUParticles3DEditorPlugin' is not exposed, skipping.
Class 'GPUParticlesCollisionSDF3DEditorPlugin' is not exposed, skipping.
Class 'GameView' is not exposed, skipping.
Class 'GameViewDebugger' is not exposed, skipping.
Class 'GameViewPlugin' is not exposed, skipping.
Class 'GameViewPluginBase' is not exposed, skipping.
Class 'Gizmo3DHelper' is not exposed, skipping.
Class 'GodotNavigationServer2D' is not exposed, skipping.
Class 'GodotPhysicsServer2D' is not exposed, skipping.
Class 'GodotPhysicsServer3D' is not exposed, skipping.
Class 'GradientEditorPlugin' is not exposed, skipping.
Class 'GradientTexture2DEditorPlugin' is not exposed, skipping.
Class 'GraphEditFilter' is not exposed, skipping.
Class 'GraphEditMinimap' is not exposed, skipping.
Class 'GroupSettingsEditor' is not exposed, skipping.
Class 'GroupsDock' is not exposed, skipping.
Class 'GroupsEditor' is not exposed, skipping.
Class 'HistoryDock' is not exposed, skipping.
Class 'IPUnix' is not exposed, skipping.
Class 'ImportDefaultsEditor' is not exposed, skipping.
Class 'ImportDefaultsEditorSettings' is not exposed, skipping.
Class 'ImportDock' is not exposed, skipping.
Class 'ImportDockParameters' is not exposed, skipping.
Class 'InputEventConfigurationDialog' is not exposed, skipping.
Class 'InputEventEditorPlugin' is not exposed, skipping.
Class 'InspectorDock' is not exposed, skipping.
Class 'LightOccluder2DEditor' is not exposed, skipping.
Class 'LightOccluder2DEditorPlugin' is not exposed, skipping.
Class 'LightmapGIEditorPlugin' is not exposed, skipping.
Class 'Line2DEditor' is not exposed, skipping.
Class 'Line2DEditorPlugin' is not exposed, skipping.
Class 'LocalizationEditor' is not exposed, skipping.
Class 'MarginContainerEditorPlugin' is not exposed, skipping.
Class 'MaterialEditorPlugin' is not exposed, skipping.
Class 'MeshEditorPlugin' is not exposed, skipping.
Class 'MeshInstance3DEditor' is not exposed, skipping.
Class 'MeshInstance3DEditorPlugin' is not exposed, skipping.
Class 'MeshLibraryEditor' is not exposed, skipping.
Class 'MeshLibraryEditorPlugin' is not exposed, skipping.
Class 'MovieWriterMJPEG' is not exposed, skipping.
Class 'MovieWriterOGV' is not exposed, skipping.
Class 'MovieWriterPNGWAV' is not exposed, skipping.
Class 'MultiMeshEditor' is not exposed, skipping.
Class 'MultiMeshEditorPlugin' is not exposed, skipping.
Class 'MultiplayerEditorDebugger' is not exposed, skipping.
Class 'MultiplayerEditorPlugin' is not exposed, skipping.
Class 'NavigationLink2DEditor' is not exposed, skipping.
Class 'NavigationLink2DEditorPlugin' is not exposed, skipping.
Class 'NavigationLink3DEditorPlugin' is not exposed, skipping.
Class 'NavigationLink3DGizmoPlugin' is not exposed, skipping.
Class 'NavigationObstacle2DEditor' is not exposed, skipping.
Class 'NavigationObstacle2DEditorPlugin' is not exposed, skipping.
Class 'NavigationObstacle3DEditorPlugin' is not exposed, skipping.
Class 'NavigationObstacle3DGizmoPlugin' is not exposed, skipping.
Class 'NavigationRegion2DEditor' is not exposed, skipping.
Class 'NavigationRegion2DEditorPlugin' is not exposed, skipping.
Class 'NavigationRegion3DEditor' is not exposed, skipping.
Class 'NavigationRegion3DEditorPlugin' is not exposed, skipping.
Class 'NavigationRegion3DGizmoPlugin' is not exposed, skipping.
Class 'Node3DEditor' is not exposed, skipping.
Class 'Node3DEditorPlugin' is not exposed, skipping.
Class 'Node3DEditorViewport' is not exposed, skipping.
Class 'Node3DEditorViewportContainer' is not exposed, skipping.
Class 'NoiseEditorInspectorPlugin' is not exposed, skipping.
Class 'NoiseEditorPlugin' is not exposed, skipping.
Class 'ORMMaterial3DConversionPlugin' is not exposed, skipping.
Class 'ObjectDBProfilerDebuggerPlugin' is not exposed, skipping.
Class 'ObjectDBProfilerPlugin' is not exposed, skipping.
Class 'OccluderInstance3DEditorPlugin' is not exposed, skipping.
Class 'OpenXREditorPlugin' is not exposed, skipping.
Class 'OrphanResourcesDialog' is not exposed, skipping.
Class 'PackedSceneEditorPlugin' is not exposed, skipping.
Class 'PackedSceneEditorTranslationParserPlugin' is not exposed, skipping.
Class 'PanoramaSkyMaterialConversionPlugin' is not exposed, skipping.
Class 'ParallaxBackgroundEditorPlugin' is not exposed, skipping.
Class 'ParticleProcessMaterialConversionPlugin' is not exposed, skipping.
Class 'Particles2DEditorPlugin' is not exposed, skipping.
Class 'Particles3DEditorPlugin' is not exposed, skipping.
Class 'ParticlesEditorPlugin' is not exposed, skipping.
Class 'Path2DEditor' is not exposed, skipping.
Class 'Path2DEditorPlugin' is not exposed, skipping.
Class 'Path3DEditorPlugin' is not exposed, skipping.
Class 'Path3DGizmoPlugin' is not exposed, skipping.
Class 'PhysicalBone3DEditorPlugin' is not exposed, skipping.
Class 'PhysicalSkyMaterialConversionPlugin' is not exposed, skipping.
Class 'PluginConfigDialog' is not exposed, skipping.
Class 'Polygon2DEditor' is not exposed, skipping.
Class 'Polygon2DEditorPlugin' is not exposed, skipping.
Class 'Polygon3DEditor' is not exposed, skipping.
Class 'Polygon3DEditorPlugin' is not exposed, skipping.
Class 'PopupMenuItems' is not exposed, skipping.
Class 'PostImportPluginSkeletonRenamer' is not exposed, skipping.
Class 'PostImportPluginSkeletonRestFixer' is not exposed, skipping.
Class 'PostImportPluginSkeletonTrackOrganizer' is not exposed, skipping.
Class 'PreviewSunEnvPopup' is not exposed, skipping.
Class 'ProceduralSkyMaterialConversionPlugin' is not exposed, skipping.
Class 'ProgressDialog' is not exposed, skipping.
Class 'ProgressIndicator' is not exposed, skipping.
Class 'ProjectExportDialog' is not exposed, skipping.
Class 'ProjectExportTextureFormatError' is not exposed, skipping.
Class 'ProjectSettingsEditor' is not exposed, skipping.
Class 'ProjectSettingsGDExtension' is not exposed, skipping.
Class 'ProjectUpgradeTool' is not exposed, skipping.
Class 'PropertySelector' is not exposed, skipping.
Class 'QuickOpenResultContainer' is not exposed, skipping.
Class 'RenameDialog' is not exposed, skipping.
Class 'ReparentDialog' is not exposed, skipping.
Class 'ReplicationEditor' is not exposed, skipping.
Class 'ResourceFormatImporterSaver' is not exposed, skipping.
Class 'ResourcePreloaderEditor' is not exposed, skipping.
Class 'ResourcePreloaderEditorPlugin' is not exposed, skipping.
Class 'RunInstancesDialog' is not exposed, skipping.
Class 'ScalableContainer' is not exposed, skipping.
Class 'SceneCacheInterface' is not exposed, skipping.
Class 'SceneCreateDialog' is not exposed, skipping.
Class 'SceneExporterGLTFPlugin' is not exposed, skipping.
Class 'SceneImportSettingsData' is not exposed, skipping.
Class 'SceneImportSettingsDialog' is not exposed, skipping.
Class 'ScenePaint2DEditor' is not exposed, skipping.
Class 'ScenePaint2DEditorPlugin' is not exposed, skipping.
Class 'SceneRPCInterface' is not exposed, skipping.
Class 'SceneReplicationInterface' is not exposed, skipping.
SceneTreeFTI: traversal method DEFAULT
Class 'SceneTreeDialog' is not exposed, skipping.
Class 'SceneTreeDock' is not exposed, skipping.
Class 'SceneTreeEditor' is not exposed, skipping.
Class 'ScreenSelect' is not exposed, skipping.
Class 'ScriptEditorDebugger' is not exposed, skipping.
Class 'ScriptEditorPlugin' is not exposed, skipping.
Class 'SectionedInspector' is not exposed, skipping.
Class 'SectionedInspectorFilter' is not exposed, skipping.
Class 'ShaderBakerExportPluginPlatform' is not exposed, skipping.
Class 'ShaderBakerExportPluginPlatformVulkan' is not exposed, skipping.
Class 'ShaderCreateDialog' is not exposed, skipping.
Class 'ShaderEditorPlugin' is not exposed, skipping.
Class 'ShaderFileEditor' is not exposed, skipping.
Class 'ShaderFileEditorPlugin' is not exposed, skipping.
Class 'ShaderGlobalsEditor' is not exposed, skipping.
Class 'ShaderGlobalsEditorInterface' is not exposed, skipping.
Class 'SideDockTabContainer' is not exposed, skipping.
Class 'SignalsDock' is not exposed, skipping.
Class 'SizeFlagPresetPicker' is not exposed, skipping.
Class 'Skeleton2DEditor' is not exposed, skipping.
Class 'Skeleton2DEditorPlugin' is not exposed, skipping.
Class 'Skeleton3DEditorPlugin' is not exposed, skipping.
Class 'Skeleton3DGizmoPlugin' is not exposed, skipping.
Class 'SkeletonIK3DEditorPlugin' is not exposed, skipping.
Class 'SnapDialog' is not exposed, skipping.
Class 'SpinBoxLineEdit' is not exposed, skipping.
Class 'SplitContainerDragger' is not exposed, skipping.
Class 'Sprite2DEditor' is not exposed, skipping.
Class 'Sprite2DEditorPlugin' is not exposed, skipping.
Class 'SpriteFramesEditor' is not exposed, skipping.
Class 'SpriteFramesEditorPlugin' is not exposed, skipping.
Class 'StandardMaterial3DConversionPlugin' is not exposed, skipping.
Class 'StyleBoxEditorPlugin' is not exposed, skipping.
Class 'SubViewportPreviewEditorPlugin' is not exposed, skipping.
Class 'SwitchSeparator' is not exposed, skipping.
Class 'TemplateDownloader' is not exposed, skipping.
Class 'TextShaderLanguagePlugin' is not exposed, skipping.
Class 'Texture3DEditorPlugin' is not exposed, skipping.
Class 'TextureEditorPlugin' is not exposed, skipping.
Class 'TextureLayeredEditorPlugin' is not exposed, skipping.
Class 'TextureRegionEditor' is not exposed, skipping.
Class 'TextureRegionEditorPlugin' is not exposed, skipping.
Class 'ThemeContext' is not exposed, skipping.
Class 'ThemeEditor' is not exposed, skipping.
Class 'ThemeEditorPlugin' is not exposed, skipping.
Class 'ThemeEditorPreview' is not exposed, skipping.
Class 'ThemeItemEditorDialog' is not exposed, skipping.
Class 'ThemeItemImportTree' is not exposed, skipping.
Class 'ThemeTypeDialog' is not exposed, skipping.
Class 'ThemeTypeEditor' is not exposed, skipping.
Class 'TileAtlasView' is not exposed, skipping.
Class 'TileMapEditorPlugin' is not exposed, skipping.
Class 'TileMapLayerEditor' is not exposed, skipping.
Class 'TileMapLayerEditorTerrainsPlugin' is not exposed, skipping.
Class 'TileMapLayerEditorTilesPlugin' is not exposed, skipping.
Class 'TileProxiesManagerDialog' is not exposed, skipping.
Class 'TileSetAtlasSourceEditor' is not exposed, skipping.
Class 'TileSetEditor' is not exposed, skipping.
Class 'TileSetEditorPlugin' is not exposed, skipping.
Class 'TileSetScenesCollectionSourceEditor' is not exposed, skipping.
Class 'TileSetSourceItemList' is not exposed, skipping.
Class 'TileSourceInspectorPlugin' is not exposed, skipping.
Class 'TilesEditorUtils' is not exposed, skipping.
Class 'ToolButtonEditorPlugin' is not exposed, skipping.
Class 'VersionControlEditorPlugin' is not exposed, skipping.
Class 'View3DController' is not exposed, skipping.
Class 'ViewPanner' is not exposed, skipping.
Class 'ViewportNavigationControl' is not exposed, skipping.
Class 'ViewportRotationControl' is not exposed, skipping.
Class 'VirtualJoystickEditorPlugin' is not exposed, skipping.
Class 'VisualShaderConversionPlugin' is not exposed, skipping.
Class 'VisualShaderLanguagePlugin' is not exposed, skipping.
Class 'VoxelGIEditorPlugin' is not exposed, skipping.
Class 'WindowWrapper' is not exposed, skipping.
Loaded system CA certificates
[   0% ] [90m[1mfirst_scan_filesystem[22m | Started Project initialization (5 steps)[39m[0m
[   0% ] [90m[1mfirst_scan_filesystem[22m | Scanning file structure...[39m[0m
[  16% ] [90m[1mfirst_scan_filesystem[22m | Loading global class names...[39m[0m
[  33% ] [90m[1mfirst_scan_filesystem[22m | Verifying GDExtensions...[39m[0m
[  50% ] [90m[1mfirst_scan_filesystem[22m | Creating autoload scripts...[39m[0m
Loading resource: res://scripts/game_state.gd remapped: res://scripts/game_state.gd
Completed load for: 'res://scripts/game_state.gd' remapped 'res://scripts/game_state.gd' at thread -1
[  66% ] [90m[1mfirst_scan_filesystem[22m | Initializing plugins...[39m[0m
[  83% ] [90m[1mfirst_scan_filesystem[22m | Starting file scan...[39m[0m
[92m[ DONE ][39m [1mfirst_scan_filesystem[22m
[0m
[   0% ] [90m[1mupdate_scripts_classes[22m | Started Registering global classes... (13 steps)[39m[0m
[   0% ] [90m[1mupdate_scripts_classes[22m | [39m[0m
[   7% ] [90m[1mupdate_scripts_classes[22m | FactoryConveyor[39m[0m
[  14% ] [90m[1mupdate_scripts_classes[22m | ProductionFactory[39m[0m
[  21% ] [90m[1mupdate_scripts_classes[22m | [39m[0m
[  28% ] [90m[1mupdate_scripts_classes[22m | [39m[0m
[  35% ] [90m[1mupdate_scripts_classes[22m | [39m[0m
[  42% ] [90m[1mupdate_scripts_classes[22m | MarketCustomer[39m[0m
[  50% ] [90m[1mupdate_scripts_classes[22m | MarketManager[39m[0m
[  57% ] [90m[1mupdate_scripts_classes[22m | NilesidePlayer[39m[0m
[  64% ] [90m[1mupdate_scripts_classes[22m | ResourceNode[39m[0m
[  71% ] [90m[1mupdate_scripts_classes[22m | StaticBuilding[39m[0m
[  78% ] [90m[1mupdate_scripts_classes[22m | HaulerWorker[39m[0m
[  85% ] [90m[1mupdate_scripts_classes[22m | [39m[0m
[92m[ DONE ][39m [1mupdate_scripts_classes[22m
[0m
[   0% ] [90m[1m_update_scan_actions[22m | Started Scanning actions... (73 steps)[39m[0m
[   0% ] [90m[1m_update_scan_actions[22m | bakery.png[39m[0m
[   1% ] [90m[1m_update_scan_actions[22m | kiln.png[39m[0m
[   2% ] [90m[1m_update_scan_actions[22m | logistics.png[39m[0m
[   4% ] [90m[1m_update_scan_actions[22m | market1.png[39m[0m
[   5% ] [90m[1m_update_scan_actions[22m | market2.png[39m[0m
[   6% ] [90m[1m_update_scan_actions[22m | market3.png[39m[0m
[   8% ] [90m[1m_update_scan_actions[22m | market4.png[39m[0m
[   9% ] [90m[1m_update_scan_actions[22m | market_awning.png[39m[0m
[  10% ] [90m[1m_update_scan_actions[22m | masonry.png[39m[0m
[  12% ] [90m[1m_update_scan_actions[22m | palace1.png[39m[0m
[  13% ] [90m[1m_update_scan_actions[22m | palace2.png[39m[0m
[  14% ] [90m[1m_update_scan_actions[22m | palace3.png[39m[0m
[  16% ] [90m[1m_update_scan_actions[22m | palace4.png[39m[0m
[  17% ] [90m[1m_update_scan_actions[22m | palace5.png[39m[0m
[  18% ] [90m[1m_update_scan_actions[22m | papyrus_workshop.png[39m[0m
[  20% ] [90m[1m_update_scan_actions[22m | pottery.png[39m[0m
[  21% ] [90m[1m_update_scan_actions[22m | quarry.png[39m[0m
[  22% ] [90m[1m_update_scan_actions[22m | sawmill.png[39m[0m
[  24% ] [90m[1m_update_scan_actions[22m | warehouse.png[39m[0m
[  25% ] [90m[1m_update_scan_actions[22m | customer1.png[39m[0m
[  27% ] [90m[1m_update_scan_actions[22m | customer2.png[39m[0m
[  28% ] [90m[1m_update_scan_actions[22m | customer3.png[39m[0m
[  29% ] [90m[1m_update_scan_actions[22m | hauler_baskets.png[39m[0m
[  31% ] [90m[1m_update_scan_actions[22m | hauler_cart.png[39m[0m
[  32% ] [90m[1m_update_scan_actions[22m | hauler_log.png[39m[0m
[  33% ] [90m[1m_update_scan_actions[22m | player.png[39m[0m
[  35% ] [90m[1m_update_scan_actions[22m | player_front.png[39m[0m
[  36% ] [90m[1m_update_scan_actions[22m | player_walk.png[39m[0m
[  37% ] [90m[1m_update_scan_actions[22m | player_walk_v2.webp[39m[0m
[  39% ] [90m[1m_update_scan_actions[22m | resident1.png[39m[0m
[  40% ] [90m[1m_update_scan_actions[22m | resident2.png[39m[0m
[  41% ] [90m[1m_update_scan_actions[22m | resident3.png[39m[0m
[  43% ] [90m[1m_update_scan_actions[22m | basket.png[39m[0m
[  44% ] [90m[1m_update_scan_actions[22m | bread.png[39m[0m
[  45% ] [90m[1m_update_scan_actions[22m | bricks.png[39m[0m
[  47% ] [90m[1m_update_scan_actions[22m | clay_jar.png[39m[0m
[  48% ] [90m[1m_update_scan_actions[22m | coins.png[39m[0m
[  50% ] [90m[1m_update_scan_actions[22m | dates.png[39m[0m
[  51% ] [90m[1m_update_scan_actions[22m | palm.png[39m[0m
[  52% ] [90m[1m_update_scan_actions[22m | papyrus_bundle.png[39m[0m
[  54% ] [90m[1m_update_scan_actions[22m | pickaxe.png[39m[0m
[  55% ] [90m[1m_update_scan_actions[22m | pottery_icon.png[39m[0m
[  56% ] [90m[1m_update_scan_actions[22m | reed.png[39m[0m
[  58% ] [90m[1m_update_scan_actions[22m | scrolls.png[39m[0m
[  59% ] [90m[1m_update_scan_actions[22m | sickle.png[39m[0m
[  60% ] [90m[1m_update_scan_actions[22m | stock_clay.png[39m[0m
[  62% ] [90m[1m_update_scan_actions[22m | stock_stone.png[39m[0m
[  63% ] [90m[1m_update_scan_actions[22m | stock_wood.png[39m[0m
[  64% ] [90m[1m_update_scan_actions[22m | stone_blocks.png[39m[0m
[  66% ] [90m[1m_update_scan_actions[22m | timber.png[39m[0m
[  67% ] [90m[1m_update_scan_actions[22m | nile_water.webp[39m[0m
[  68% ] [90m[1m_update_scan_actions[22m | road_texture.webp[39m[0m
[  70% ] [90m[1m_update_scan_actions[22m | sand_texture.webp[39m[0m
[  71% ] [90m[1m_update_scan_actions[22m | boat.png[39m[0m
[  72% ] [90m[1m_update_scan_actions[22m | market_awning.png[39m[0m
[  74% ] [90m[1m_update_scan_actions[22m | obelisk.png[39m[0m
[  75% ] [90m[1m_update_scan_actions[22m | bakery.webp[39m[0m
[  77% ] [90m[1m_update_scan_actions[22m | date_palm.webp[39m[0m
[  78% ] [90m[1m_update_scan_actions[22m | grain.webp[39m[0m
[  79% ] [90m[1m_update_scan_actions[22m | kiln.webp[39m[0m
[  81% ] [90m[1m_update_scan_actions[22m | logistics.webp[39m[0m
[  82% ] [90m[1m_update_scan_actions[22m | market.webp[39m[0m
[  83% ] [90m[1m_update_scan_actions[22m | masonry.webp[39m[0m
[  85% ] [90m[1m_update_scan_actions[22m | palace.webp[39m[0m
[  86% ] [90m[1m_update_scan_actions[22m | palm.webp[39m[0m
[  87% ] [90m[1m_update_scan_actions[22m | papyrus.webp[39m[0m
[  89% ] [90m[1m_update_scan_actions[22m | pottery.webp[39m[0m
[  90% ] [90m[1m_update_scan_actions[22m | raw_clay.webp[39m[0m
[  91% ] [90m[1m_update_scan_actions[22m | sawmill.webp[39m[0m
[  93% ] [90m[1m_update_scan_actions[22m | scribe.webp[39m[0m
[  94% ] [90m[1m_update_scan_actions[22m | stone.webp[39m[0m
[  95% ] [90m[1m_update_scan_actions[22m | warehouse.webp[39m[0m
[  97% ] [90m[1m_update_scan_actions[22m | icon.png[39m[0m
[92m[ DONE ][39m [1m_update_scan_actions[22m
[0m
[   0% ] [90m[1mreimport[22m | Started (Re)Importing Assets (73 steps)[39m[0m
[   0% ] [90m[1mreimport[22m | Preparing files to reimport...[39m[0m
[   1% ] [90m[1mreimport[22m | Preparing files to reimport...[39m[0m
[   2% ] [90m[1mreimport[22m | Preparing files to reimport...[39m[0m
[   4% ] [90m[1mreimport[22m | Preparing files to reimport...[39m[0m
[   5% ] [90m[1mreimport[22m | Preparing files to reimport...[39m[0m
[   6% ] [90m[1mreimport[22m | Preparing files to reimport...[39m[0m
[   8% ] [90m[1mreimport[22m | Preparing files to reimport...[39m[0m
[   9% ] [90m[1mreimport[22m | Preparing files to reimport...[39m[0m
[  10% ] [90m[1mreimport[22m | Preparing files to reimport...[39m[0m
[  12% ] [90m[1mreimport[22m | Preparing files to reimport...[39m[0m
[  13% ] [90m[1mreimport[22m | Preparing files to reimport...[39m[0m
[  14% ] [90m[1mreimport[22m | Preparing files to reimport...[39m[0m
[  16% ] [90m[1mreimport[22m | Preparing files to reimport...[39m[0m
[  17% ] [90m[1mreimport[22m | Preparing files to reimport...[39m[0m
[  18% ] [90m[1mreimport[22m | Preparing files to reimport...[39m[0m
[  20% ] [90m[1mreimport[22m | Preparing files to reimport...[39m[0m
[  21% ] [90m[1mreimport[22m | Preparing files to reimport...[39m[0m
[  22% ] [90m[1mreimport[22m | Preparing files to reimport...[39m[0m
[  24% ] [90m[1mreimport[22m | Preparing files to reimport...[39m[0m
[  25% ] [90m[1mreimport[22m | Preparing files to reimport...[39m[0m
[  27% ] [90m[1mreimport[22m | Preparing files to reimport...[39m[0m
[  28% ] [90m[1mreimport[22m | Preparing files to reimport...[39m[0m
[  29% ] [90m[1mreimport[22m | Preparing files to reimport...[39m[0m
[  31% ] [90m[1mreimport[22m | Preparing files to reimport...[39m[0m
[  32% ] [90m[1mreimport[22m | Preparing files to reimport...[39m[0m
[  33% ] [90m[1mreimport[22m | Preparing files to reimport...[39m[0m
[  35% ] [90m[1mreimport[22m | Preparing files to reimport...[39m[0m
[  36% ] [90m[1mreimport[22m | Preparing files to reimport...[39m[0m
[  37% ] [90m[1mreimport[22m | Preparing files to reimport...[39m[0m
[  39% ] [90m[1mreimport[22m | Preparing files to reimport...[39m[0m
[  40% ] [90m[1mreimport[22m | Preparing files to reimport...[39m[0m
[  41% ] [90m[1mreimport[22m | Preparing files to reimport...[39m[0m
[  43% ] [90m[1mreimport[22m | Preparing files to reimport...[39m[0m
[  44% ] [90m[1mreimport[22m | Preparing files to reimport...[39m[0m
[  45% ] [90m[1mreimport[22m | Preparing files to reimport...[39m[0m
[  47% ] [90m[1mreimport[22m | Preparing files to reimport...[39m[0m
[  48% ] [90m[1mreimport[22m | Preparing files to reimport...[39m[0m
[  50% ] [90m[1mreimport[22m | Preparing files to reimport...[39m[0m
[  51% ] [90m[1mreimport[22m | Preparing files to reimport...[39m[0m
[  52% ] [90m[1mreimport[22m | Preparing files to reimport...[39m[0m
[  54% ] [90m[1mreimport[22m | Preparing files to reimport...[39m[0m
[  55% ] [90m[1mreimport[22m | Preparing files to reimport...[39m[0m
[  56% ] [90m[1mreimport[22m | Preparing files to reimport...[39m[0m
[  58% ] [90m[1mreimport[22m | Preparing files to reimport...[39m[0m
[  59% ] [90m[1mreimport[22m | Preparing files to reimport...[39m[0m
[  60% ] [90m[1mreimport[22m | Preparing files to reimport...[39m[0m
[  62% ] [90m[1mreimport[22m | Preparing files to reimport...[39m[0m
[  63% ] [90m[1mreimport[22m | Preparing files to reimport...[39m[0m
[  64% ] [90m[1mreimport[22m | Preparing files to reimport...[39m[0m
[  66% ] [90m[1mreimport[22m | Preparing files to reimport...[39m[0m
[  67% ] [90m[1mreimport[22m | Preparing files to reimport...[39m[0m
[  68% ] [90m[1mreimport[22m | Preparing files to reimport...[39m[0m
[  70% ] [90m[1mreimport[22m | Preparing files to reimport...[39m[0m
[  71% ] [90m[1mreimport[22m | Preparing files to reimport...[39m[0m
[  72% ] [90m[1mreimport[22m | Preparing files to reimport...[39m[0m
[  74% ] [90m[1mreimport[22m | Preparing files to reimport...[39m[0m
[  75% ] [90m[1mreimport[22m | Preparing files to reimport...[39m[0m
[  77% ] [90m[1mreimport[22m | Preparing files to reimport...[39m[0m
[  78% ] [90m[1mreimport[22m | Preparing files to reimport...[39m[0m
[  79% ] [90m[1mreimport[22m | Preparing files to reimport...[39m[0m
[  81% ] [90m[1mreimport[22m | Preparing files to reimport...[39m[0m
[  82% ] [90m[1mreimport[22m | Preparing files to reimport...[39m[0m
[  83% ] [90m[1mreimport[22m | Preparing files to reimport...[39m[0m
[  85% ] [90m[1mreimport[22m | Preparing files to reimport...[39m[0m
[  86% ] [90m[1mreimport[22m | Preparing files to reimport...[39m[0m
[  87% ] [90m[1mreimport[22m | Preparing files to reimport...[39m[0m
[  89% ] [90m[1mreimport[22m | Preparing files to reimport...[39m[0m
[  90% ] [90m[1mreimport[22m | Preparing files to reimport...[39m[0m
[  91% ] [90m[1mreimport[22m | Preparing files to reimport...[39m[0m
[  93% ] [90m[1mreimport[22m | Preparing files to reimport...[39m[0m
[  94% ] [90m[1mreimport[22m | Preparing files to reimport...[39m[0m
[  95% ] [90m[1mreimport[22m | Preparing files to reimport...[39m[0m
[  97% ] [90m[1mreimport[22m | Preparing files to reimport...[39m[0m
[   0% ] [90m[1mreimport[22m | Executing pre-reimport operations...[39m[0m
[   0% ] [90m[1mreimport[22m | market_awning.png[39m[0m
EditorFileSystem: Importing file: res://assets/terrain/sand_texture.webp
EditorFileSystem: Importing file: res://assets/ui/boat.png
EditorFileSystem: Importing file: res://assets/ui/market_awning.png
EditorFileSystem: "res://assets/ui/market_awning.png" import took 10 ms.
EditorFileSystem: Importing file: res://assets/terrain/road_texture.webp
[   1% ] [90m[1mreimport[22m | boat.png[39m[0m
EditorFileSystem: "res://assets/ui/boat.png" import took 11 ms.
EditorFileSystem: Importing file: res://assets/terrain/nile_water.webp
[   2% ] [90m[1mreimport[22m | sand_texture.webp[39m[0m
EditorFileSystem: "res://assets/terrain/sand_texture.webp" import took 82 ms.
EditorFileSystem: Importing file: res://assets/resources/timber.png
[   4% ] [90m[1mreimport[22m | road_texture.webp[39m[0m
EditorFileSystem: "res://assets/resources/timber.png" import took 4 ms.
EditorFileSystem: Importing file: res://assets/resources/stone_blocks.png
[   5% ] [90m[1mreimport[22m | nile_water.webp[39m[0m
EditorFileSystem: "res://assets/resources/stone_blocks.png" import took 5 ms.
EditorFileSystem: Importing file: res://assets/resources/stock_wood.png
[   6% ] [90m[1mreimport[22m | timber.png[39m[0m
EditorFileSystem: "res://assets/terrain/road_texture.webp" import took 86 ms.
EditorFileSystem: Importing file: res://assets/resources/stock_stone.png
[   8% ] [90m[1mreimport[22m | stone_blocks.png[39m[0m
EditorFileSystem: "res://assets/resources/stock_wood.png" import took 10 ms.
EditorFileSystem: Importing file: res://assets/resources/stock_clay.png
[   9% ] [90m[1mreimport[22m | stock_wood.png[39m[0m
EditorFileSystem: "res://assets/terrain/nile_water.webp" import took 95 ms.
EditorFileSystem: "res://assets/resources/stock_stone.png" import took 10 ms.
EditorFileSystem: Importing file: res://assets/resources/sickle.png
EditorFileSystem: Importing file: res://assets/resources/scrolls.png
[  10% ] [90m[1mreimport[22m | stock_stone.png[39m[0m
[  12% ] [90m[1mreimport[22m | stock_clay.png[39m[0m
EditorFileSystem: "res://assets/resources/sickle.png" import took 4 ms.
EditorFileSystem: Importing file: res://assets/resources/reed.png
[  13% ] [90m[1mreimport[22m | sickle.png[39m[0m
EditorFileSystem: "res://assets/resources/scrolls.png" import took 5 ms.
EditorFileSystem: Importing file: res://assets/resources/pottery_icon.png
[  14% ] [90m[1mreimport[22m | scrolls.png[39m[0m
EditorFileSystem: "res://assets/resources/stock_clay.png" import took 10 ms.
EditorFileSystem: Importing file: res://assets/resources/pickaxe.png
[  16% ] [90m[1mreimport[22m | reed.png[39m[0m
EditorFileSystem: "res://assets/resources/pottery_icon.png" import took 4 ms.
EditorFileSystem: Importing file: res://assets/resources/papyrus_bundle.png
[  17% ] [90m[1mreimport[22m | pottery_icon.png[39m[0m
EditorFileSystem: "res://assets/resources/reed.png" import took 6 ms.
EditorFileSystem: Importing file: res://assets/resources/palm.png
[  18% ] [90m[1mreimport[22m | pickaxe.png[39m[0m
EditorFileSystem: "res://assets/resources/pickaxe.png" import took 5 ms.
EditorFileSystem: Importing file: res://assets/resources/dates.png
[  20% ] [90m[1mreimport[22m | papyrus_bundle.png[39m[0m
EditorFileSystem: "res://assets/resources/papyrus_bundle.png" import took 6 ms.
EditorFileSystem: Importing file: res://icon.png
[  21% ] [90m[1mreimport[22m | palm.png[39m[0m
EditorFileSystem: "res://assets/resources/dates.png" import took 5 ms.
EditorFileSystem: Importing file: res://assets/v2/warehouse.webp
[  22% ] [90m[1mreimport[22m | dates.png[39m[0m
EditorFileSystem: "res://assets/resources/palm.png" import took 7 ms.
EditorFileSystem: Importing file: res://assets/v2/stone.webp
[  24% ] [90m[1mreimport[22m | icon.png[39m[0m
EditorFileSystem: "res://assets/v2/stone.webp" import took 62 ms.
EditorFileSystem: Importing file: res://assets/v2/scribe.webp
[  25% ] [90m[1mreimport[22m | warehouse.webp[39m[0m
EditorFileSystem: "res://icon.png" import took 80 ms.
EditorFileSystem: Importing file: res://assets/v2/sawmill.webp
[  27% ] [90m[1mreimport[22m | stone.webp[39m[0m
EditorFileSystem: "res://assets/v2/warehouse.webp" import took 116 ms.
EditorFileSystem: Importing file: res://assets/v2/raw_clay.webp
[  28% ] [90m[1mreimport[22m | scribe.webp[39m[0m
EditorFileSystem: "res://assets/v2/scribe.webp" import took 80 ms.
EditorFileSystem: Importing file: res://assets/v2/pottery.webp
[  29% ] [90m[1mreimport[22m | sawmill.webp[39m[0m
EditorFileSystem: "res://assets/v2/sawmill.webp" import took 75 ms.
EditorFileSystem: Importing file: res://assets/v2/papyrus.webp
[  31% ] [90m[1mreimport[22m | raw_clay.webp[39m[0m
EditorFileSystem: "res://assets/v2/raw_clay.webp" import took 56 ms.
[  32% ] [90m[1mreimport[22m | pottery.webp[39m[0m
EditorFileSystem: Importing file: res://assets/v2/palm.webp
EditorFileSystem: "res://assets/v2/papyrus.webp" import took 64 ms.
EditorFileSystem: Importing file: res://assets/v2/palace.webp
[  33% ] [90m[1mreimport[22m | papyrus.webp[39m[0m
EditorFileSystem: "res://assets/v2/pottery.webp" import took 81 ms.
EditorFileSystem: Importing file: res://assets/v2/masonry.webp
[  35% ] [90m[1mreimport[22m | palm.webp[39m[0m
EditorFileSystem: "res://assets/v2/palm.webp" import took 56 ms.
EditorFileSystem: Importing file: res://assets/v2/market.webp
[  36% ] [90m[1mreimport[22m | palace.webp[39m[0m
EditorFileSystem: "res://assets/v2/masonry.webp" import took 89 ms.
EditorFileSystem: Importing file: res://assets/v2/logistics.webp
[  37% ] [90m[1mreimport[22m | masonry.webp[39m[0m
EditorFileSystem: "res://assets/v2/market.webp" import took 90 ms.
EditorFileSystem: Importing file: res://assets/v2/kiln.webp
[  39% ] [90m[1mreimport[22m | market.webp[39m[0m
EditorFileSystem: "res://assets/v2/palace.webp" import took 117 ms.
EditorFileSystem: Importing file: res://assets/v2/grain.webp
[  40% ] [90m[1mreimport[22m | logistics.webp[39m[0m
EditorFileSystem: "res://assets/v2/kiln.webp" import took 77 ms.
EditorFileSystem: Importing file: res://assets/v2/date_palm.webp
[  41% ] [90m[1mreimport[22m | kiln.webp[39m[0m
EditorFileSystem: "res://assets/v2/grain.webp" import took 69 ms.
EditorFileSystem: Importing file: res://assets/v2/bakery.webp
[  43% ] [90m[1mreimport[22m | grain.webp[39m[0m
EditorFileSystem: "res://assets/v2/logistics.webp" import took 95 ms.
EditorFileSystem: Importing file: res://assets/ui/obelisk.png
[  44% ] [90m[1mreimport[22m | date_palm.webp[39m[0m
EditorFileSystem: "res://assets/ui/obelisk.png" import took 4 ms.
EditorFileSystem: Importing file: res://assets/buildings/sawmill.png
[  45% ] [90m[1mreimport[22m | bakery.webp[39m[0m
EditorFileSystem: "res://assets/buildings/sawmill.png" import took 20 ms.
EditorFileSystem: Importing file: res://assets/buildings/quarry.png
[  47% ] [90m[1mreimport[22m | obelisk.png[39m[0m
EditorFileSystem: "res://assets/buildings/quarry.png" import took 19 ms.
EditorFileSystem: Importing file: res://assets/buildings/pottery.png
[  48% ] [90m[1mreimport[22m | sawmill.png[39m[0m
EditorFileSystem: "res://assets/v2/date_palm.webp" import took 56 ms.
EditorFileSystem: Importing file: res://assets/buildings/papyrus_workshop.png
[  50% ] [90m[1mreimport[22m | quarry.png[39m[0m
EditorFileSystem: "res://assets/buildings/pottery.png" import took 17 ms.
EditorFileSystem: Importing file: res://assets/buildings/palace5.png
[  51% ] [90m[1mreimport[22m | pottery.png[39m[0m
EditorFileSystem: "res://assets/buildings/papyrus_workshop.png" import took 22 ms.
EditorFileSystem: Importing file: res://assets/buildings/palace4.png
[  52% ] [90m[1mreimport[22m | papyrus_workshop.png[39m[0m
EditorFileSystem: "res://assets/v2/bakery.webp" import took 77 ms.
[  54% ] [90m[1mreimport[22m | palace5.png[39m[0m
EditorFileSystem: Importing file: res://assets/buildings/palace3.png
EditorFileSystem: "res://assets/buildings/palace4.png" import took 28 ms.
EditorFileSystem: Importing file: res://assets/buildings/palace2.png
[  55% ] [90m[1mreimport[22m | palace4.png[39m[0m
EditorFileSystem: "res://assets/buildings/palace3.png" import took 24 ms.
EditorFileSystem: Importing file: res://assets/buildings/palace1.png
[  56% ] [90m[1mreimport[22m | palace3.png[39m[0m
EditorFileSystem: "res://assets/buildings/palace5.png" import took 43 ms.
EditorFileSystem: Importing file: res://assets/buildings/masonry.png
[  58% ] [90m[1mreimport[22m | palace2.png[39m[0m
EditorFileSystem: "res://assets/buildings/palace1.png" import took 15 ms.
[  59% ] [90m[1mreimport[22m | palace1.png[39m[0m
EditorFileSystem: Importing file: res://assets/buildings/market_awning.png
EditorFileSystem: "res://assets/buildings/palace2.png" import took 21 ms.
EditorFileSystem: Importing file: res://assets/buildings/market4.png
[  60% ] [90m[1mreimport[22m | masonry.png[39m[0m
EditorFileSystem: "res://assets/buildings/masonry.png" import took 15 ms.
EditorFileSystem: Importing file: res://assets/buildings/market3.png
[  62% ] [90m[1mreimport[22m | market_awning.png[39m[0m
EditorFileSystem: "res://assets/buildings/market_awning.png" import took 8 ms.
EditorFileSystem: Importing file: res://assets/buildings/market2.png
[  63% ] [90m[1mreimport[22m | market4.png[39m[0m
EditorFileSystem: "res://assets/buildings/market3.png" import took 19 ms.
EditorFileSystem: Importing file: res://assets/buildings/market1.png
[  64% ] [90m[1mreimport[22m | market3.png[39m[0m
EditorFileSystem: "res://assets/buildings/market2.png" import took 17 ms.
EditorFileSystem: Importing file: res://assets/buildings/logistics.png
[  66% ] [90m[1mreimport[22m | market2.png[39m[0m
EditorFileSystem: "res://assets/buildings/market4.png" import took 26 ms.
EditorFileSystem: Importing file: res://assets/buildings/kiln.png
[  67% ] [90m[1mreimport[22m | market1.png[39m[0m
EditorFileSystem: "res://assets/buildings/kiln.png" import took 14 ms.
EditorFileSystem: Importing file: res://assets/buildings/bakery.png
[  68% ] [90m[1mreimport[22m | logistics.png[39m[0m
EditorFileSystem: "res://assets/buildings/market1.png" import took 18 ms.
EditorFileSystem: Importing file: res://assets/resources/coins.png
[  70% ] [90m[1mreimport[22m | kiln.png[39m[0m
EditorFileSystem: "res://assets/buildings/logistics.png" import took 17 ms.
EditorFileSystem: Importing file: res://assets/resources/clay_jar.png
[  71% ] [90m[1mreimport[22m | bakery.png[39m[0m
EditorFileSystem: "res://assets/resources/coins.png" import took 4 ms.
EditorFileSystem: Importing file: res://assets/resources/bricks.png
[  72% ] [90m[1mreimport[22m | coins.png[39m[0m
EditorFileSystem: "res://assets/resources/clay_jar.png" import took 4 ms.
EditorFileSystem: Importing file: res://assets/resources/bread.png
[  74% ] [90m[1mreimport[22m | clay_jar.png[39m[0m
EditorFileSystem: "res://assets/resources/bricks.png" import took 4 ms.
EditorFileSystem: Importing file: res://assets/resources/basket.png
[  75% ] [90m[1mreimport[22m | bricks.png[39m[0m
EditorFileSystem: "res://assets/resources/bread.png" import took 4 ms.
EditorFileSystem: Importing file: res://assets/characters/resident3.png
[  77% ] [90m[1mreimport[22m | bread.png[39m[0m
EditorFileSystem: "res://assets/resources/basket.png" import took 5 ms.
EditorFileSystem: Importing file: res://assets/characters/resident2.png
[  78% ] [90m[1mreimport[22m | basket.png[39m[0m
EditorFileSystem: "res://assets/buildings/bakery.png" import took 17 ms.
EditorFileSystem: Importing file: res://assets/characters/resident1.png
[  79% ] [90m[1mreimport[22m | resident3.png[39m[0m
EditorFileSystem: "res://assets/characters/resident3.png" import took 8 ms.
EditorFileSystem: Importing file: res://assets/characters/player_walk_v2.webp
[  81% ] [90m[1mreimport[22m | resident2.png[39m[0m
EditorFileSystem: "res://assets/characters/resident2.png" import took 9 ms.
EditorFileSystem: Importing file: res://assets/characters/player_walk.png
[  82% ] [90m[1mreimport[22m | resident1.png[39m[0m
EditorFileSystem: "res://assets/characters/resident1.png" import took 10 ms.
EditorFileSystem: Importing file: res://assets/characters/player_front.png
[  83% ] [90m[1mreimport[22m | player_walk_v2.webp[39m[0m
EditorFileSystem: "res://assets/characters/player_front.png" import took 20 ms.
EditorFileSystem: Importing file: res://assets/characters/player.png
[  85% ] [90m[1mreimport[22m | player_walk.png[39m[0m
EditorFileSystem: "res://assets/characters/player.png" import took 54 ms.
EditorFileSystem: Importing file: res://assets/characters/hauler_log.png
[  86% ] [90m[1mreimport[22m | player_front.png[39m[0m
EditorFileSystem: "res://assets/characters/player_walk.png" import took 94 ms.
EditorFileSystem: Importing file: res://assets/characters/hauler_cart.png
[  87% ] [90m[1mreimport[22m | player.png[39m[0m
EditorFileSystem: "res://assets/characters/hauler_log.png" import took 16 ms.
EditorFileSystem: Importing file: res://assets/characters/hauler_baskets.png
[  89% ] [90m[1mreimport[22m | hauler_log.png[39m[0m
EditorFileSystem: "res://assets/characters/hauler_cart.png" import took 21 ms.
EditorFileSystem: Importing file: res://assets/characters/customer3.png
[  90% ] [90m[1mreimport[22m | hauler_cart.png[39m[0m
EditorFileSystem: "res://assets/characters/hauler_baskets.png" import took 20 ms.
EditorFileSystem: Importing file: res://assets/characters/customer2.png
[  91% ] [90m[1mreimport[22m | hauler_baskets.png[39m[0m
EditorFileSystem: "res://assets/characters/customer2.png" import took 9 ms.
EditorFileSystem: Importing file: res://assets/characters/customer1.png
[  93% ] [90m[1mreimport[22m | customer3.png[39m[0m
EditorFileSystem: "res://assets/characters/customer3.png" import took 10 ms.
EditorFileSystem: Importing file: res://assets/buildings/warehouse.png
[  94% ] [90m[1mreimport[22m | customer2.png[39m[0m
EditorFileSystem: "res://assets/characters/customer1.png" import took 10 ms.
[  95% ] [90m[1mreimport[22m | customer1.png[39m[0m
EditorFileSystem: "res://assets/buildings/warehouse.png" import took 25 ms.
[  97% ] [90m[1mreimport[22m | warehouse.png[39m[0m
EditorFileSystem: "res://assets/characters/player_walk_v2.webp" import took 171 ms.
[  98% ] [90m[1mreimport[22m | Finalizing Asset Import...[39m[0m
[92m[ DONE ][39m [1mreimport[22m
[0m
[   0% ] [90m[1mreimport[22m | Started (Re)Importing Assets (73 steps)[39m[0m
[   0% ] [90m[1mreimport[22m | Executing post-reimport operations...[39m[0m
[92m[ DONE ][39m [1mreimport[22m
[0m
[   0% ] [90m[1mloading_editor_layout[22m | Started Loading editor (5 steps)[39m[0m
[   0% ] [90m[1mloading_editor_layout[22m | Loading editor layout...[39m[0m
[  16% ] [90m[1mloading_editor_layout[22m | Loading docks...[39m[0m
[92m[ DONE ][39m [1mloading_editor_layout[22m
[0m
Loading resource: res://scenes/main.tscn remapped: res://scenes/main.tscn
Loading resource: res://scripts/main.gd remapped: res://scripts/main.gd
Completed load for: 'res://scripts/main.gd' remapped 'res://scripts/main.gd' at thread -1
Completed load for: 'res://scenes/main.tscn' remapped 'res://scenes/main.tscn' at thread -1
Script docs haven't been properly loaded or regenerated, so don't save them to disk.
cannot connect to daemon at tcp:5037: Connection refused
EditorSettings: Save OK!
XR: Clearing primary interface
XR: Removed interface "Native mobile"
XR: Removed interface "OpenXR"
Orphan StringName: Node (static: 4, total: 5)
StringName: 1 unclaimed string names at exit.
