WorkerThreadPool: 4 threads, 1 max low-priority.
Godot Engine v4.7.1.stable.official.a13da4feb - https://godotengine.org
TextServer: Added interface "Dummy"
TextServer: Added interface "ICU / HarfBuzz / Graphite (Built-in)"
SDL: Init OK!
Using "default" pen tablet driver...

TextServer: Primary interface set to: "ICU / HarfBuzz / Graphite (Built-in)".
CORE API HASH: 3769296884
EDITOR API HASH: 3146738256
SceneTreeFTI: traversal method DEFAULT
Loading resource: res://scripts/game_state.gd remapped: res://scripts/game_state.gd
Completed load for: 'res://scripts/game_state.gd' remapped 'res://scripts/game_state.gd' at thread -1
Loaded system CA certificates
Loading resource: res://scenes/main.tscn remapped: res://scenes/main.tscn
Loading resource: res://scripts/main.gd remapped: res://scripts/main.gd
SCRIPT ERROR: Parse Error: Could not preload resource script "res://scripts/static_building.gd".
          at: GDScript::reload (res://scripts/main.gd:11)
SCRIPT ERROR: Parse Error: Could not resolve script "res://scripts/static_building.gd".
          at: GDScript::reload (res://scripts/main.gd:11)
SCRIPT ERROR: Parse Error: Cannot infer the type of "STATIC_BUILDING_SCRIPT" constant because the value doesn't have a set type.
          at: GDScript::reload (res://scripts/main.gd:11)
ERROR: Failed to load script "res://scripts/main.gd" with error "Parse error".
   at: load (modules/gdscript/gdscript_resource_format.cpp:46)
Completed load for: 'res://scripts/main.gd' remapped 'res://scripts/main.gd' at thread -1
Completed load for: 'res://scenes/main.tscn' remapped 'res://scenes/main.tscn' at thread -1
XR: Clearing primary interface
XR: Removed interface "Native mobile"
XR: Removed interface "OpenXR"
